// Jest Snapshot v1, https://goo.gl/fbAQLP

exports[`<SubmitDialog /> snapshot 1`] = `null`;
